2026-06-22T15:05:18.795Z - GET /
2026-06-22T15:05:18.837Z - GET /favicon.ico
2026-06-22T15:05:34.081Z - GET /users
2026-06-22T15:05:38.870Z - GET /user
2026-06-22T15:06:15.072Z - GET /api/users
2026-06-22T15:06:33.254Z - GET /api/users
2026-06-22T15:06:34.193Z - GET /api/users
2026-06-22T15:06:35.113Z - GET /api/users
2026-06-22T15:38:02.533Z - GET /api/users
2026-06-22T15:38:09.021Z - GET /api/users/1
2026-06-22T15:44:33.154Z - GET /api/users
2026-06-22T15:44:50.772Z - GET /api/users
2026-06-22T15:44:51.843Z - GET /api/users
2026-06-22T16:04:44.160Z - GET /api/users
2026-06-22T16:05:25.849Z - GET /api/users
2026-06-22T16:07:29.882Z - POST /api/auth/login
2026-06-22T16:08:37.877Z - POST /api/users/
2026-06-22T16:08:43.637Z - POST /api/users
2026-06-22T16:09:09.279Z - POST /api/users
2026-06-22T16:09:15.583Z - POST /api/users/
2026-06-22T16:10:17.240Z - POST /api/users/
2026-06-22T16:11:30.867Z - POST /api/users/
2026-06-22T16:12:02.076Z - POST /api/users/18
2026-06-22T16:12:13.198Z - GET /api/users/18
2026-06-22T16:13:23.839Z - POST /api/users
2026-06-22T16:15:13.984Z - POST /api/login
2026-06-22T16:16:31.524Z - POST /api/auth/login
2026-06-22T16:16:43.990Z - POST /api/auth/login
2026-06-22T16:22:57.792Z - GET /api/auth/login
2026-06-22T16:23:07.838Z - GET /api/users/
2026-06-22T16:23:38.638Z - GET /api/users/
2026-06-22T16:24:33.867Z - GET /api/users
2026-06-23T16:47:16.673Z - GET /api/users
2026-06-23T16:47:41.914Z - GET /api/users/
2026-06-23T16:48:18.434Z - GET /api/auth/loin
2026-06-23T16:48:24.374Z - GET /api/auth/login
2026-06-23T16:48:50.804Z - POST /api/auth/login
2026-06-23T16:49:11.394Z - POST /api/users
2026-06-23T16:49:42.431Z - GET /api/users
2026-06-23T16:53:57.499Z - GET /api/users
2026-06-23T16:54:31.792Z - GET /api/users
2026-06-27T15:28:50.226Z - POST /api/users
2026-06-27T15:29:29.359Z - POST /api/users
2026-06-27T15:38:46.667Z - POST /api/users
2026-06-27T15:44:07.712Z - POST /api/loin
2026-06-27T15:44:15.892Z - POST /api/login
2026-06-27T15:45:20.645Z - POST /api/login
2026-06-27T15:45:27.656Z - POST /api/login
2026-06-27T15:50:25.221Z - POST /api/login
2026-06-27T15:52:13.479Z - POST /api/auuth/login
2026-06-27T15:52:16.845Z - POST /api/auth/login
2026-06-27T15:52:56.480Z - GET /api/users
2026-06-27T15:53:13.396Z - GET /api/users
2026-06-27T15:55:09.590Z - POST /api/users
2026-06-27T15:55:40.365Z - POST /api/auth/login
2026-06-27T15:56:05.877Z - GET /api/users
2026-06-27T15:57:45.762Z - POST /api/users
2026-06-27T15:57:54.796Z - POST /api/users
2026-06-27T15:58:17.149Z - POST /api/auth/login
2026-06-27T15:59:01.663Z - GET /api/users
2026-06-27T15:59:56.537Z - GET /api/users
2026-06-27T16:01:05.668Z - GET /api/users
2026-06-27T16:05:26.212Z - GET /api/users
2026-06-27T16:05:52.089Z - GET /api/auth/login
2026-06-27T16:05:59.902Z - POST /api/auth/login
2026-06-27T16:06:25.592Z - GET /api/users
2026-06-27T16:14:46.044Z - GET /api/users
2026-06-28T09:51:20.374Z - POST /api/auth/login
2026-06-28T10:11:27.729Z - POST /api/auth/refreshtoken
2026-06-28T10:11:32.820Z - POST /api/auth/refreshtoken
2026-06-28T10:11:43.762Z - POST /api/auth/refresh-token
2026-06-28T10:44:03.507Z - POST /api/auth/refresh-token
2026-06-28T10:50:30.755Z - POST /api/auth/refresh-token
2026-06-28T10:51:07.698Z - POST /api/auth/refresh-token
2026-06-28T13:37:50.600Z - POST /api/users
